<html>
<body>
<pre>
<h1>礦ision Build Log</h1>
<h2>Tool Versions:</h2>
IDE-Version: μVision V5.21.1.0
Copyright (C) 2016 ARM Ltd and ARM Germany GmbH. All rights reserved.
License Information: 1 1, 1, LIC=----
 
Tool Versions:
Toolchain:       MDK-Lite  Version: 5.21a
Toolchain Path:  D:\MDK\5.21\ARM\ARMCC\Bin
C Compiler:      Armcc.exe V5.06 update 3 (build 300)
Assembler:       Armasm.exe V5.06 update 3 (build 300)
Linker/Locator:  ArmLink.exe V5.06 update 3 (build 300)
Library Manager: ArmAr.exe V5.06 update 3 (build 300)
Hex Converter:   FromElf.exe V5.06 update 3 (build 300)
CPU DLL:         SARMCM3.DLL V5.21a
Dialog DLL:      DCM.DLL V1.13.8.0
Target DLL:      STLink\ST-LINKIII-KEIL_SWO.dll V2.0.6.0_KEIL
Dialog DLL:      TCM.DLL V1.14.14.0
 
<h2>Project:</h2>
F:\F407\AI\103\DHT11_ToOneNetByMqtt-main(1)\USER\DHT11_ToOneNetByMqtt.uvprojx
Project File Date:  03/16/2023

<h2>Output:</h2>
*** Using Compiler 'V5.06 update 3 (build 300)', folder: 'D:\MDK\5.21\ARM\ARMCC\Bin'
Rebuild target '工程'
assembling startup_stm32f10x_hd.s...
compiling core_cm3.c...
compiling delay.c...
compiling misc.c...
compiling timer2.c...
compiling stm32f10x_rcc.c...
compiling mqtt.c...
compiling control.c...
compiling timer3.c...
compiling timer4.c...
compiling led.c...
..\HARDWARE\inc\led.h(9): warning:  #1295-D: Deprecated declaration gpio_init_sensor - give arg types
  void gpio_init_sensor();//??始化???写???
..\HARDWARE\scr\led.c: 1 warning, 0 errors
compiling usart2.c...
compiling usart1.c...
compiling system_stm32f10x.c...
compiling main.c...
..\HARDWARE\inc\led.h(9): warning:  #1295-D: Deprecated declaration gpio_init_sensor - give arg types
  void gpio_init_sensor();//??始化???写???
main.c: 1 warning, 0 errors
compiling dht11.c...
compiling wifi.c...
compiling stm32f10x_it.c...
compiling stm32f10x_usart.c...
compiling stm32f10x_tim.c...
compiling stm32f10x_gpio.c...
compiling sys.c...
linking...
Program Size: Code=17036 RO-data=972 RW-data=152 ZI-data=9248  
FromELF: creating hex file...
"..\OBJ\工程文件.axf" - 0 Error(s), 2 Warning(s).

<h2>Collection of Component include folders:</h2>
  F:\F407\AI\103\DHT11_ToOneNetByMqtt-main(1)\USER\RTE
  D:\MDK\5.21\ARM\PACK\Keil\STM32F1xx_DFP\1.1.0\Device\Include

<h2>Collection of Component Files used:</h2>
Build Time Elapsed:  00:00:01
</pre>
</body>
</html>
